[2026-10-01 08:08:04] ================================================================
[2026-10-01 08:08:04] 네이버 EP 생성 v2 — 소스: 구글시트
[2026-10-01 08:08:05]   상품 828
[2026-10-01 08:08:05]   미러 레코드 469 / 제외 359  미진열 174, 가격0원 64, 비상품분류(정책) 63, 판매안함 56, 품절 2
[2026-10-01 08:08:05]   Cafe24 EP 사본: cafe24_snapshot_2025-08.xlsx (483건, 기준일 2025-08)
[2026-10-01 08:08:05]   ⚠ 사본이 426일 지남 — 리뷰 수가 실제보다 적게 나감(많게는 안 나감), 신규상품은 리뷰수 공란
[2026-10-01 08:08:05]   사본 보강 385/469건 (리뷰수·주문제작·판매방식·이벤트문구)
[2026-10-01 08:08:05]   추정 규칙 적용 5건 (사본 이후 신상품: 기업/단체 분류 → 주문제작·도매·이벤트문구)
[2026-10-01 08:08:53]   이미지 응답 점검 469건 — 대체 1, 응답없음 0
[2026-10-01 08:08:54]   오버라이드: 구글시트 CSV (534행)
[2026-10-01 08:08:54]   [경고] #2885 상품명 특수문자 '+'
[2026-10-01 08:08:54]   [경고] #3628 상품명 특수문자 '#'
[2026-10-01 08:08:54]   [경고] #3735 상품명 특수문자 '#'
[2026-10-01 08:08:54]   [경고] #3824 상품명 특수문자 '%'
[2026-10-01 08:08:54]   [경고] #3825 상품명 특수문자 '%'
[2026-10-01 08:08:54]   [경고] #3832 상품명 특수문자 '+'
[2026-10-01 08:08:54]   [경고] #3833 상품명 특수문자 '+'
[2026-10-01 08:08:54]   [경고] #3834 상품명 금지어 '할인'
[2026-10-01 08:08:54]   [경고] #3835 상품명 특수문자 '%'
[2026-10-01 08:08:54]   [경고] #3836 상품명 특수문자 '!'
[2026-10-01 08:08:54]   [경고] #3898 상품명 특수문자 '#'
[2026-10-01 08:08:54]   [경고] #4067 상품명 금지어 '사은품'
[2026-10-01 08:08:54] 완료 /home/runner/work/orom-ep/orom-ep/naver_ep.tsv (469건, 경고 12)
